2.722 
2.713 
2.722 
2.705 
2.713 
2.718 
2.718 
2.713 
2.722 
2.718 
2.718 
2.701 
2.705 
2.718 
2.701 
2.713 
2.713 
2.713 
2.713 
2.718 
2.709 
2.722 
2.713 
2.718 
2.713 
2.713 
2.718 
2.713 
2.709 
2.705 
2.718 
2.701 
2.722 
2.713 
2.713 
2.701 
2.713 
2.709 
2.713 
2.713 
2.718 
2.713 
2.713 
2.705 
2.713 
2.709 
2.718 
2.705 
2.705 
2.705 
2.701 
2.709 
2.697 
2.713 
2.709 
2.718 
2.709 
2.718 
2.713 
2.697 
2.713 
2.718 
2.722 
2.701 
2.718 
2.709 
2.709 
2.709 
2.709 
2.709 
2.718 
2.713 
2.722 
2.709 
2.709 
2.709 
2.713 
2.726 
2.709 
2.718 
2.713 
2.726 
2.718 
2.718 
2.721 
2.707 
2.704 
2.704 
2.696 
2.704 
2.692 
2.699 
2.703 
2.703 
2.715 
2.707 
2.725 
2.72 
2.765 
2.768 
2.777 
4.701 
4.776 
4.429 
4.429 
4.423 
4.419 
4.424 
4.432 
4.431 
4.416 
4.415 
4.42 
4.403 
4.424 
4.487 
4.572 
4.554 
4.558 
4.539 
4.548 
4.541 
4.563 
4.547 
4.551 
4.535 
4.531 
4.535 
4.559 
4.525 
4.522 
4.518 
4.51 
4.527 
4.515 
4.523 
4.518 
4.533 
4.534 
4.558 
4.557 
4.811 
4.811 
4.802 
4.81 
4.801 
4.825 
4.824 
4.848 
7.657 
7.773 
7.689 
7.649 
7.589 
7.576 
7.572 
7.575 
7.587 
7.597 
7.618 
7.66 
7.667 
7.647 
7.654 
7.651 
7.65 
7.65 
7.67 
7.674 
7.681 
7.695 
7.721 
65.535 
10.749 
65.535 
10.664 
65.535 
65.535 
10.656 
10.667 
10.662 
6.808 
6.796 
6.8 
6.782 
6.786 
6.702 
6.592 
6.403 
6.346 
6.338 
6.282 
6.249 
6.232 
6.175 
4.582 
4.558 
4.553 
4.528 
4.513 
4.489 
4.514 
4.49 
4.49 
4.477 
4.494 
4.478 
4.494 
4.49 
4.501 
4.506 
4.494 
4.515 
4.497 
4.5 
4.49 
4.512 
4.486 
2.099 
2.113 
2.095 
2.097 
2.092 
2.084 
2.095 
2.095 
2.081 
2.099 
2.089 
2.102 
2.108 
2.147 
2.167 
2.188 
2.21 
2.212 
2.237 
2.261 
2.29 
2.316 
2.339 
2.366 
2.377 
2.409 
2.464 
2.492 
2.509 
2.55 
2.566 
2.594 
2.624 
2.649 
2.685 
2.694 
2.739 
2.775 
2.8 
2.824 
2.866 
2.913 
2.936 
2.948 
2.946 
2.925 
2.925 
2.921 
2.931 
2.922 
2.922 
2.913 
2.925 
2.921 
2.929 
2.929 
2.938 
2.939 
2.933 
2.925 
2.905 
2.895 
2.887 
2.875 
2.867 
2.85 
2.847 
2.834 
2.818 
2.804 
2.812 
2.79 
2.773 
2.76 
2.758 
2.738 
2.738 
2.724 
2.711 
2.711 
2.69 
2.695 
2.67 
2.67 
2.637 
2.654 
2.041 
2.003 
2.017 
2.055 
2.588 
2.592 
2.579 
2.572 
2.571 
2.55 
2.01 
1.846 
1.855 
1.826 
1.822 
1.826 
1.81 
1.899 
1.973 
1.947 
1.958 
1.946 
1.949 
1.933 
1.929 
1.921 
1.917 
1.913 
1.9 
1.909 
1.892 
1.904 
1.896 
1.884 
1.872 
1.872 
1.872 
1.859 
1.863 
1.848 
1.843 
1.84 
1.839 
1.822 
1.833 
1.819 
1.826 
1.803 
1.81 
1.798 
1.803 
1.803 
1.787 
1.799 
1.779 
1.791 
1.776 
1.776 
1.768 
1.772 
1.755 
1.764 
1.764 
1.773 
1.785 
1.785 
1.8 
1.776 
1.768 
1.751 
1.784 
1.833 
1.866 
1.87 
1.862 
1.883 
1.875 
1.887 
1.879 
1.891 
1.898 
1.897 
1.896 
1.903 
1.898 
1.917 
0.924 
0.92 
0.916 
0.916 
0.915 
0.904 
0.91 
0.9 
0.906 
0.891 
0.901 
0.893 
0.894 
0.881 
0.892 
0.888 
0.896 
0.891 
0.904 
0.897 
0.897 
0.901 
0.904 
0.927 
0.926 
0.938 
0.946 
0.937 
0.938 
0.927 
0.91 
0.908 
0.898 
0.893 
0.9 
0.895 
0.91 
0.887 
0.895 
0.877 
0.83 
0.823 
0.813 
0.824 
0.809 
0.812 
0.823 
0.815 
0.797 
0.784 
0.807 
0.775 
0.802 
0.816 
0.773 
0.784 
0.798 
0.776 
0.767 
0.8 
0.781 
0.765 
0.762 
0.763 
0.762 
0.752 
0.767 
0.772 
0.77 
0.768 
0.776 
0.781 
0.773 
0.793 
0.773 
0.779 
0.769 
0.778 
0.787 
0.785 
0.789 
0.789 
0.791 
0.786 
0.781 
0.79 
0.782 
0.788 
0.776 
0.79 
0.785 
0.78 
0.775 
0.78 
0.775 
0.788 
0.783 
0.778 
0.786 
0.796 
0.778 
0.781 
0.777 
0.771 
0.772 
0.767 
0.758 
0.757 
0.76 
0.765 
0.758 
0.764 
0.747 
0.748 
0.735 
0.724 
0.709 
0.725 
0.708 
0.721 
0.699 
0.718 
0.697 
0.698 
0.702 
0.694 
0.71 
0.697 
0.707 
0.693 
0.707 
0.685 
0.705 
0.689 
0.691 
0.688 
0.699 
0.693 
0.699 
0.683 
0.671 
0.691 
0.703 
0.694 
0.697 
0.688 
0.693 
0.702 
0.711 
0.719 
0.727 
0.733 
0.723 
0.733 
0.732 
0.73 
0.735 
0.74 
0.739 
0.732 
0.746 
0.744 
0.75 
0.738 
0.741 
0.729 
0.742 
0.752 
0.734 
0.747 
0.744 
0.746 
0.739 
0.733 
0.741 
0.742 
0.741 
0.737 
0.742 
0.725 
0.75 
0.742 
0.747 
0.742 
0.737 
0.742 
0.749 
0.745 
0.739 
0.73 
0.742 
0.75 
0.753 
0.752 
0.75 
0.77 
0.766 
0.78 
0.777 
0.801 
0.801 
0.83 
0.922 
0.935 
0.929 
0.934 
0.94 
0.945 
0.949 
0.955 
0.958 
0.949 
0.958 
0.963 
0.962 
0.96 
0.963 
0.962 
0.964 
0.971 
0.971 
0.978 
1.001 
1.029 
1.038 
1.058 
1.038 
1.046 
1.038 
1.033 
1.029 
1.034 
1.04 
1.022 
0.999 
0.988 
0.983 
0.971 
0.972 
0.959 
0.964 
0.963 
0.958 
0.953 
0.963 
0.95 
0.959 
0.951 
0.95 
0.954 
0.951 
0.944 
0.95 
0.955 
0.943 
0.934 
0.945 
0.938 
0.938 
0.947 
0.951 
0.947 
0.946 
0.942 
0.942 
0.942 
0.96 
0.968 
0.977 
0.981 
0.997 
0.993 
0.991 
1.011 
1.016 
1.026 
1.025 
1.003 
1.006 
1.005 
1.006 
1 
1.023 
1.024 
1.03 
1.031 
1.026 
1.035 
1.023 
1.04 
1.04 
1.036 
1.048 
1.046 
1.045 
1.036 
1.039 
1.037 
1.036 
1.033 
1.034 
1.029 
1.029 
1.038 
1.039 
1.038 
1.038 
1.038 
1.021 
1.037 
1.028 
1.028 
1.02 
1.02 
1.028 
1.025 
1.021 
1.021 
1.017 
1.017 
1.017 
1.013 
1.021 
1.013 
1.017 
1.017 
1.013 
1.017 
1.005 
1.017 



ros1


2.717 
2.708 
2.725 
2.708 
2.721 
2.721 
2.717 
2.717 
2.712 
2.717 
2.7 
2.725 
2.712 
2.712 
2.717 
2.717 
2.708 
2.704 
2.7 
2.7 
2.717 
2.708 
2.708 
2.692 
2.717 
2.704 
2.717 
2.717 
2.704 
2.712 
2.712 
2.717 
2.704 
2.712 
2.712 
2.708 
2.712 
2.717 
2.708 
2.721 
2.708 
2.696 
2.708 
2.708 
2.717 
2.704 
2.712 
2.717 
2.717 
2.712 
2.708 
2.708 
2.7 
2.708 
2.696 
2.721 
2.708 
2.712 
2.712 
2.717 
2.708 
2.712 
2.7 
2.704 
2.717 
2.708 
2.717 
2.704 
2.717 
2.704 
2.717 
2.712 
2.721 
2.717 
2.717 
2.721 
2.717 
2.717 
2.708 
2.717 
2.708 
2.717 
2.708 
2.721 
2.712 
2.702 
2.691 
2.703 
2.691 
2.711 
2.69 
2.706 
2.706 
2.71 
2.718 
2.723 
2.724 
2.723 
2.764 
2.759 
2.775 
5.387 
5.415 
4.42 
4.417 
4.422 
4.423 
4.419 
4.435 
4.415 
4.427 
4.407 
4.397 
4.393 
4.415 
4.572 
4.56 
4.557 
4.557 
4.548 
4.531 
4.556 
4.546 
4.554 
4.55 
4.567 
4.53 
4.538 
4.558 
4.532 
4.516 
4.517 
4.525 
4.514 
4.517 
4.517 
4.533 
4.517 
4.541 
4.536 
4.56 
4.637 
4.813 
4.81 
4.813 
4.817 
4.824 
4.833 
4.864 
7.643 
7.763 
7.676 
7.648 
7.591 
7.574 
7.571 
7.577 
7.59 
7.595 
7.616 
7.667 
7.658 
7.645 
7.649 
7.65 
7.649 
7.662 
7.665 
7.672 
7.68 
7.703 
7.69 
65.535 
10.732 
65.535 
10.717 
10.782 
65.535 
65.535 
10.678 
10.663 
6.815 
6.796 
6.806 
6.79 
6.792 
6.668 
6.608 
6.419 
6.357 
6.32 
6.285 
6.244 
6.231 
6.146 
6.125 
6.128 
6.019 
5.999 
5.963 
5.976 
5.85 
5.791 
5.785 
5.828 
5.816 
5.812 
5.782 
5.803 
5.803 
5.82 
5.836 
5.843 
5.854 
5.852 
5.851 
5.844 
5.886 
2.099 
2.096 
2.099 
2.094 
2.096 
2.091 
2.098 
2.08 
2.102 
2.094 
2.094 
2.093 
2.11 
2.143 
2.148 
2.189 
2.214 
2.218 
2.248 
2.262 
2.284 
2.306 
2.338 
2.363 
2.384 
2.396 
2.463 
2.467 
2.516 
2.541 
2.561 
2.594 
2.631 
2.648 
2.667 
2.718 
2.742 
2.77 
2.795 
2.811 
2.852 
2.919 
2.943 
2.947 
2.933 
2.928 
2.924 
2.92 
2.926 
2.926 
2.913 
2.932 
2.928 
2.919 
2.928 
2.937 
2.928 
2.946 
2.932 
2.92 
2.907 
2.899 
2.886 
2.878 
2.862 
2.845 
2.845 
2.833 
2.817 
2.808 
2.803 
2.781 
2.789 
2.761 
2.76 
2.758 
2.724 
2.726 
2.71 
2.697 
2.69 
2.669 
2.673 
2.665 
2.653 
2.631 
2.041 
2.032 
2.021 
2.052 
2.081 
2.603 
2.579 
2.558 
2.557 
2.553 
2.027 
1.938 
1.906 
1.846 
1.813 
1.809 
1.817 
1.865 
1.972 
1.957 
1.957 
1.932 
1.949 
1.936 
1.936 
1.923 
1.928 
1.912 
1.912 
1.903 
1.899 
1.887 
1.891 
1.891 
1.875 
1.878 
1.867 
1.875 
1.855 
1.851 
1.833 
1.858 
1.829 
1.834 
1.817 
1.829 
1.814 
1.814 
1.813 
1.802 
1.811 
1.794 
1.79 
1.782 
1.786 
1.778 
1.779 
1.771 
1.775 
1.775 
1.762 
1.772 
1.763 
1.776 
1.776 
1.788 
1.783 
1.787 
1.775 
1.767 
1.779 
1.841 
1.874 
1.869 
1.878 
1.865 
1.886 
1.874 
1.894 
1.878 
1.877 
1.888 
1.895 
1.901 
1.899 
1.911 
0.955 
0.931 
0.924 
0.917 
0.928 
0.918 
0.892 
0.91 
0.885 
0.896 
0.899 
0.893 
0.897 
0.888 
0.896 
0.9 
0.893 
0.899 
0.9 
0.896 
0.898 
0.897 
0.907 
0.934 
0.927 
0.914 
0.926 
0.925 
0.916 
0.922 
0.903 
0.916 
0.902 
0.89 
0.918 
0.905 
0.902 
0.903 
0.885 
0.846 
0.823 
0.815 
0.808 
0.807 
0.799 
0.806 
0.792 
0.799 
0.821 
0.809 
0.781 
0.78 
0.787 
0.78 
0.769 
0.792 
0.799 
0.782 
0.754 
0.781 
0.791 
0.778 
0.775 
0.791 
0.775 
0.775 
0.762 
0.771 
0.771 
0.772 
0.785 
0.776 
0.778 
0.777 
0.787 
0.777 
0.793 
0.777 
0.788 
0.779 
0.79 
0.787 
0.793 
0.793 
0.784 
0.784 
0.791 
0.774 
0.789 
0.782 
0.789 
0.781 
0.783 
0.77 
0.772 
0.782 
0.777 
0.786 
0.773 
0.793 
0.79 
0.788 
0.786 
0.764 
0.761 
0.763 
0.76 
0.768 
0.752 
0.769 
0.753 
0.763 
0.732 
0.745 
0.73 
0.742 
0.712 
0.717 
0.719 
0.706 
0.698 
0.705 
0.703 
0.712 
0.689 
0.711 
0.69 
0.701 
0.685 
0.692 
0.687 
0.692 
0.691 
0.692 
0.679 
0.689 
0.687 
0.68 
0.693 
0.675 
0.698 
0.693 
0.702 
0.692 
0.686 
0.692 
0.69 
0.704 
0.7 
0.716 
0.713 
0.728 
0.717 
0.738 
0.725 
0.736 
0.719 
0.743 
0.731 
0.742 
0.745 
0.739 
0.74 
0.722 
0.737 
0.736 
0.742 
0.735 
0.737 
0.741 
0.748 
0.737 
0.747 
0.735 
0.737 
0.749 
0.725 
0.736 
0.734 
0.746 
0.742 
0.746 
0.736 
0.743 
0.731 
0.732 
0.751 
0.743 
0.75 
0.743 
0.749 
0.736 
0.738 
0.76 
0.753 
0.763 
0.775 
0.775 
0.788 
0.792 
0.813 
0.813 
0.929 
0.932 
0.934 
0.938 
0.934 
0.937 
0.95 
0.944 
0.96 
0.955 
0.961 
0.961 
0.966 
0.965 
0.959 
0.967 
0.957 
0.978 
0.97 
0.969 
0.987 
1.02 
1.057 
1.038 
1.045 
1.037 
1.044 
1.039 
1.034 
1.03 
1.031 
1.012 
0.982 
0.984 
0.975 
0.961 
0.963 
0.967 
0.954 
0.958 
0.963 
0.961 
0.952 
0.949 
0.962 
0.958 
0.953 
0.958 
0.949 
0.941 
0.937 
0.949 
0.941 
0.95 
0.942 
0.944 
0.928 
0.939 
0.945 
0.935 
0.95 
0.935 
0.94 
0.947 
0.953 
0.961 
0.975 
0.974 
0.988 
0.999 
1.005 
1.002 
1.021 
1.013 
1.022 
1.018 
0.998 
1 
1.013 
1.011 
1.017 
1.024 
1.032 
1.026 
1.03 
1.034 
1.039 
1.03 
1.039 
1.03 
1.055 
1.042 
1.056 
1.035 
1.049 
1.032 
1.039 
1.036 
1.032 
1.028 
1.038 
1.02 
1.038 
1.024 
1.044 
1.024 
1.044 
1.015 
1.032 
1.023 
1.032 
1.02 
1.023 
1.02 
1.016 
1.012 
1.024 
1.012 
1.02 
1.02 
1.016 
1.02 
1.008 
1.02 
1.012 
1.02 
1.004 
1.004 


ros2